2026-08-14 19:19:08,058	INFO	Processing session: C:\Users\BarlabPRIME\Desktop\FlowAnalytics\Iris_Recorded_Taekwondo_Data\P01_20260223_112737
2026-08-14 19:19:08,058	INFO	Extracting audio from videos...
2026-08-14 19:19:08,463	INFO	Computing candidate offsets...
2026-08-14 19:19:10,709	INFO	Creating preview 1 with offset -14.4305s -> C:\Users\BarlabPRIME\Desktop\FlowAnalytics\Iris_Recorded_Taekwondo_Data\P01_20260223_112737\preview_sync_option_1.mp4
2026-08-14 19:19:11,077	INFO	Creating preview 2 with offset -4.1851s -> C:\Users\BarlabPRIME\Desktop\FlowAnalytics\Iris_Recorded_Taekwondo_Data\P01_20260223_112737\preview_sync_option_2.mp4
2026-08-14 19:19:11,436	INFO	Creating preview 3 with offset 9.6483s -> C:\Users\BarlabPRIME\Desktop\FlowAnalytics\Iris_Recorded_Taekwondo_Data\P01_20260223_112737\preview_sync_option_3.mp4
2026-08-14 19:19:11,794	INFO	Creating preview 4 with offset -35.3730s -> C:\Users\BarlabPRIME\Desktop\FlowAnalytics\Iris_Recorded_Taekwondo_Data\P01_20260223_112737\preview_sync_option_4.mp4
2026-08-14 19:19:12,150	INFO	Creating preview 5 with offset 21.2141s -> C:\Users\BarlabPRIME\Desktop\FlowAnalytics\Iris_Recorded_Taekwondo_Data\P01_20260223_112737\preview_sync_option_5.mp4
2026-08-14 19:19:12,511	INFO	Opening session folder for preview videos...
2026-08-14 19:19:35,605	INFO	Rendering final synced video with offset 9.6483s -> C:\Users\BarlabPRIME\Desktop\FlowAnalytics\Iris_Recorded_Taekwondo_Data\P01_20260223_112737\P01_20260223_112737_synced.mp4
2026-08-14 19:21:46,428	INFO	Recorded result to C:\Users\BarlabPRIME\Desktop\FlowAnalytics\Iris_Recorded_Taekwondo_Data\P01_20260223_112737\sync_results.txt
2026-08-14 19:21:46,428	INFO	Cleaning up temporary files...
2026-08-14 19:21:46,435	INFO	Done with session.
2026-08-14 19:23:18,532	INFO	Processing session: C:\Users\BarlabPRIME\Desktop\FlowAnalytics\Iris_Recorded_Taekwondo_Data\P01_20260223_112737
2026-08-14 19:23:18,532	INFO	Extracting audio from videos...
2026-08-14 19:23:18,940	INFO	Computing candidate offsets...
2026-08-14 19:23:21,178	INFO	Creating preview 1 with offset -14.4305s -> C:\Users\BarlabPRIME\Desktop\FlowAnalytics\Iris_Recorded_Taekwondo_Data\P01_20260223_112737\previews\preview_sync_option_1.mp4
2026-08-14 19:23:21,541	INFO	Creating preview 2 with offset -4.1851s -> C:\Users\BarlabPRIME\Desktop\FlowAnalytics\Iris_Recorded_Taekwondo_Data\P01_20260223_112737\previews\preview_sync_option_2.mp4
2026-08-14 19:23:21,901	INFO	Creating preview 3 with offset 9.6483s -> C:\Users\BarlabPRIME\Desktop\FlowAnalytics\Iris_Recorded_Taekwondo_Data\P01_20260223_112737\previews\preview_sync_option_3.mp4
2026-08-14 19:23:22,253	INFO	Creating preview 4 with offset -35.3730s -> C:\Users\BarlabPRIME\Desktop\FlowAnalytics\Iris_Recorded_Taekwondo_Data\P01_20260223_112737\previews\preview_sync_option_4.mp4
2026-08-14 19:23:22,612	INFO	Creating preview 5 with offset 21.2141s -> C:\Users\BarlabPRIME\Desktop\FlowAnalytics\Iris_Recorded_Taekwondo_Data\P01_20260223_112737\previews\preview_sync_option_5.mp4
2026-08-14 19:23:22,975	INFO	Opening session folder for preview videos...
2026-08-14 19:23:52,779	INFO	Cleaning up temporary audio files...
2026-08-14 19:23:52,785	INFO	Done with session (previews retained in 'previews/' folder).
2026-08-14 19:25:15,226	INFO	Processing session: C:\Users\BarlabPRIME\Desktop\FlowAnalytics\Iris_Recorded_Taekwondo_Data\P01_20260223_112737
2026-08-14 19:25:15,226	INFO	Extracting audio from videos...
2026-08-14 19:25:15,640	INFO	Computing candidate offsets...
2026-08-14 19:25:17,743	INFO	Creating preview 1 with offset -14.4305s -> C:\Users\BarlabPRIME\Desktop\FlowAnalytics\Iris_Recorded_Taekwondo_Data\P01_20260223_112737\previews\preview_sync_option_1.mp4
2026-08-14 19:25:18,123	INFO	Creating preview 2 with offset -4.1851s -> C:\Users\BarlabPRIME\Desktop\FlowAnalytics\Iris_Recorded_Taekwondo_Data\P01_20260223_112737\previews\preview_sync_option_2.mp4
2026-08-14 19:25:18,488	INFO	Creating preview 3 with offset 9.6483s -> C:\Users\BarlabPRIME\Desktop\FlowAnalytics\Iris_Recorded_Taekwondo_Data\P01_20260223_112737\previews\preview_sync_option_3.mp4
2026-08-14 19:25:18,840	INFO	Creating preview 4 with offset -35.3730s -> C:\Users\BarlabPRIME\Desktop\FlowAnalytics\Iris_Recorded_Taekwondo_Data\P01_20260223_112737\previews\preview_sync_option_4.mp4
2026-08-14 19:25:19,203	INFO	Creating preview 5 with offset 21.2141s -> C:\Users\BarlabPRIME\Desktop\FlowAnalytics\Iris_Recorded_Taekwondo_Data\P01_20260223_112737\previews\preview_sync_option_5.mp4
2026-08-14 19:25:19,557	INFO	Opening previews folder for preview videos...
2026-08-14 19:25:42,687	INFO	Recorded selection (deferred render) to C:\Users\BarlabPRIME\Desktop\FlowAnalytics\Iris_Recorded_Taekwondo_Data\P01_20260223_112737\sync_results.txt
2026-08-14 19:25:42,687	INFO	Cleaning up temporary audio files...
2026-08-14 19:25:42,693	INFO	Done with session (previews retained in 'previews/' folder).
