2026-08-14 19:21:46,436	INFO	Processing session: C:\Users\BarlabPRIME\Desktop\FlowAnalytics\Iris_Recorded_Taekwondo_Data\P02B_20260223_134013
2026-08-14 19:21:46,436	INFO	Extracting audio from videos...
2026-08-14 19:21:59,566	INFO	Computing candidate offsets...
2026-08-14 19:22:02,932	INFO	Creating preview 1 with offset -4.9193s -> C:\Users\BarlabPRIME\Desktop\FlowAnalytics\Iris_Recorded_Taekwondo_Data\P02B_20260223_134013\preview_sync_option_1.mp4
2026-08-14 19:22:03,298	INFO	Creating preview 2 with offset 12.8517s -> C:\Users\BarlabPRIME\Desktop\FlowAnalytics\Iris_Recorded_Taekwondo_Data\P02B_20260223_134013\preview_sync_option_2.mp4
2026-08-14 19:22:03,656	INFO	Creating preview 3 with offset -15.1702s -> C:\Users\BarlabPRIME\Desktop\FlowAnalytics\Iris_Recorded_Taekwondo_Data\P02B_20260223_134013\preview_sync_option_3.mp4
2026-08-14 19:22:04,018	INFO	Creating preview 4 with offset -25.1811s -> C:\Users\BarlabPRIME\Desktop\FlowAnalytics\Iris_Recorded_Taekwondo_Data\P02B_20260223_134013\preview_sync_option_4.mp4
2026-08-14 19:22:04,383	INFO	Creating preview 5 with offset -47.2137s -> C:\Users\BarlabPRIME\Desktop\FlowAnalytics\Iris_Recorded_Taekwondo_Data\P02B_20260223_134013\preview_sync_option_5.mp4
2026-08-14 19:22:04,753	INFO	Opening session folder for preview videos...
2026-08-14 19:25:42,693	INFO	Processing session: C:\Users\BarlabPRIME\Desktop\FlowAnalytics\Iris_Recorded_Taekwondo_Data\P02B_20260223_134013
2026-08-14 19:25:42,693	INFO	Extracting audio from videos...
2026-08-14 19:25:42,995	INFO	Computing candidate offsets...
2026-08-14 19:25:44,384	INFO	Creating preview 1 with offset -4.9193s -> C:\Users\BarlabPRIME\Desktop\FlowAnalytics\Iris_Recorded_Taekwondo_Data\P02B_20260223_134013\previews\preview_sync_option_1.mp4
2026-08-14 19:25:44,748	INFO	Creating preview 2 with offset 12.8517s -> C:\Users\BarlabPRIME\Desktop\FlowAnalytics\Iris_Recorded_Taekwondo_Data\P02B_20260223_134013\previews\preview_sync_option_2.mp4
2026-08-14 19:25:45,107	INFO	Creating preview 3 with offset -15.1702s -> C:\Users\BarlabPRIME\Desktop\FlowAnalytics\Iris_Recorded_Taekwondo_Data\P02B_20260223_134013\previews\preview_sync_option_3.mp4
2026-08-14 19:25:45,470	INFO	Creating preview 4 with offset -25.1811s -> C:\Users\BarlabPRIME\Desktop\FlowAnalytics\Iris_Recorded_Taekwondo_Data\P02B_20260223_134013\previews\preview_sync_option_4.mp4
2026-08-14 19:25:45,831	INFO	Creating preview 5 with offset -47.2137s -> C:\Users\BarlabPRIME\Desktop\FlowAnalytics\Iris_Recorded_Taekwondo_Data\P02B_20260223_134013\previews\preview_sync_option_5.mp4
2026-08-14 19:25:46,213	INFO	Opening previews folder for preview videos...
2026-08-14 19:26:17,633	INFO	Marked session as skipped (no selection recorded).
2026-08-14 19:26:17,633	INFO	Cleaning up temporary audio files...
2026-08-14 19:26:17,638	INFO	Done with session (previews retained in 'previews/' folder).
