2026-08-14 19:19:08,058	INFO	Processing session: C:\Users\BarlabPRIME\Desktop\FlowAnalytics\Iris_Recorded_Taekwondo_Data\P01_20260223_112737
2026-08-14 19:19:08,058	INFO	Extracting audio from videos...
2026-08-14 19:19:08,463	INFO	Computing candidate offsets...
2026-08-14 19:19:10,709	INFO	Creating preview 1 with offset -14.4305s -> C:\Users\BarlabPRIME\Desktop\FlowAnalytics\Iris_Recorded_Taekwondo_Data\P01_20260223_112737\preview_sync_option_1.mp4
2026-08-14 19:19:11,077	INFO	Creating preview 2 with offset -4.1851s -> C:\Users\BarlabPRIME\Desktop\FlowAnalytics\Iris_Recorded_Taekwondo_Data\P01_20260223_112737\preview_sync_option_2.mp4
2026-08-14 19:19:11,436	INFO	Creating preview 3 with offset 9.6483s -> C:\Users\BarlabPRIME\Desktop\FlowAnalytics\Iris_Recorded_Taekwondo_Data\P01_20260223_112737\preview_sync_option_3.mp4
2026-08-14 19:19:11,794	INFO	Creating preview 4 with offset -35.3730s -> C:\Users\BarlabPRIME\Desktop\FlowAnalytics\Iris_Recorded_Taekwondo_Data\P01_20260223_112737\preview_sync_option_4.mp4
2026-08-14 19:19:12,150	INFO	Creating preview 5 with offset 21.2141s -> C:\Users\BarlabPRIME\Desktop\FlowAnalytics\Iris_Recorded_Taekwondo_Data\P01_20260223_112737\preview_sync_option_5.mp4
2026-08-14 19:19:12,511	INFO	Opening session folder for preview videos...
2026-08-14 19:19:35,605	INFO	Rendering final synced video with offset 9.6483s -> C:\Users\BarlabPRIME\Desktop\FlowAnalytics\Iris_Recorded_Taekwondo_Data\P01_20260223_112737\P01_20260223_112737_synced.mp4
2026-08-14 19:21:46,428	INFO	Recorded result to C:\Users\BarlabPRIME\Desktop\FlowAnalytics\Iris_Recorded_Taekwondo_Data\P01_20260223_112737\sync_results.txt
2026-08-14 19:21:46,428	INFO	Cleaning up temporary files...
2026-08-14 19:21:46,435	INFO	Done with session.
2026-08-14 19:21:46,436	INFO	Processing session: C:\Users\BarlabPRIME\Desktop\FlowAnalytics\Iris_Recorded_Taekwondo_Data\P02B_20260223_134013
2026-08-14 19:21:46,436	INFO	Extracting audio from videos...
2026-08-14 19:21:59,566	INFO	Computing candidate offsets...
2026-08-14 19:22:02,932	INFO	Creating preview 1 with offset -4.9193s -> C:\Users\BarlabPRIME\Desktop\FlowAnalytics\Iris_Recorded_Taekwondo_Data\P02B_20260223_134013\preview_sync_option_1.mp4
2026-08-14 19:22:03,298	INFO	Creating preview 2 with offset 12.8517s -> C:\Users\BarlabPRIME\Desktop\FlowAnalytics\Iris_Recorded_Taekwondo_Data\P02B_20260223_134013\preview_sync_option_2.mp4
2026-08-14 19:22:03,656	INFO	Creating preview 3 with offset -15.1702s -> C:\Users\BarlabPRIME\Desktop\FlowAnalytics\Iris_Recorded_Taekwondo_Data\P02B_20260223_134013\preview_sync_option_3.mp4
2026-08-14 19:22:04,018	INFO	Creating preview 4 with offset -25.1811s -> C:\Users\BarlabPRIME\Desktop\FlowAnalytics\Iris_Recorded_Taekwondo_Data\P02B_20260223_134013\preview_sync_option_4.mp4
2026-08-14 19:22:04,383	INFO	Creating preview 5 with offset -47.2137s -> C:\Users\BarlabPRIME\Desktop\FlowAnalytics\Iris_Recorded_Taekwondo_Data\P02B_20260223_134013\preview_sync_option_5.mp4
2026-08-14 19:22:04,753	INFO	Opening session folder for preview videos...
2026-08-14 19:23:18,532	INFO	Processing session: C:\Users\BarlabPRIME\Desktop\FlowAnalytics\Iris_Recorded_Taekwondo_Data\P01_20260223_112737
2026-08-14 19:23:18,532	INFO	Extracting audio from videos...
2026-08-14 19:23:18,940	INFO	Computing candidate offsets...
2026-08-14 19:23:21,178	INFO	Creating preview 1 with offset -14.4305s -> C:\Users\BarlabPRIME\Desktop\FlowAnalytics\Iris_Recorded_Taekwondo_Data\P01_20260223_112737\previews\preview_sync_option_1.mp4
2026-08-14 19:23:21,541	INFO	Creating preview 2 with offset -4.1851s -> C:\Users\BarlabPRIME\Desktop\FlowAnalytics\Iris_Recorded_Taekwondo_Data\P01_20260223_112737\previews\preview_sync_option_2.mp4
2026-08-14 19:23:21,901	INFO	Creating preview 3 with offset 9.6483s -> C:\Users\BarlabPRIME\Desktop\FlowAnalytics\Iris_Recorded_Taekwondo_Data\P01_20260223_112737\previews\preview_sync_option_3.mp4
2026-08-14 19:23:22,253	INFO	Creating preview 4 with offset -35.3730s -> C:\Users\BarlabPRIME\Desktop\FlowAnalytics\Iris_Recorded_Taekwondo_Data\P01_20260223_112737\previews\preview_sync_option_4.mp4
2026-08-14 19:23:22,612	INFO	Creating preview 5 with offset 21.2141s -> C:\Users\BarlabPRIME\Desktop\FlowAnalytics\Iris_Recorded_Taekwondo_Data\P01_20260223_112737\previews\preview_sync_option_5.mp4
2026-08-14 19:23:22,975	INFO	Opening session folder for preview videos...
2026-08-14 19:23:52,779	INFO	Cleaning up temporary audio files...
2026-08-14 19:23:52,785	INFO	Done with session (previews retained in 'previews/' folder).
2026-08-14 19:25:15,226	INFO	Processing session: C:\Users\BarlabPRIME\Desktop\FlowAnalytics\Iris_Recorded_Taekwondo_Data\P01_20260223_112737
2026-08-14 19:25:15,226	INFO	Extracting audio from videos...
2026-08-14 19:25:15,640	INFO	Computing candidate offsets...
2026-08-14 19:25:17,743	INFO	Creating preview 1 with offset -14.4305s -> C:\Users\BarlabPRIME\Desktop\FlowAnalytics\Iris_Recorded_Taekwondo_Data\P01_20260223_112737\previews\preview_sync_option_1.mp4
2026-08-14 19:25:18,123	INFO	Creating preview 2 with offset -4.1851s -> C:\Users\BarlabPRIME\Desktop\FlowAnalytics\Iris_Recorded_Taekwondo_Data\P01_20260223_112737\previews\preview_sync_option_2.mp4
2026-08-14 19:25:18,488	INFO	Creating preview 3 with offset 9.6483s -> C:\Users\BarlabPRIME\Desktop\FlowAnalytics\Iris_Recorded_Taekwondo_Data\P01_20260223_112737\previews\preview_sync_option_3.mp4
2026-08-14 19:25:18,840	INFO	Creating preview 4 with offset -35.3730s -> C:\Users\BarlabPRIME\Desktop\FlowAnalytics\Iris_Recorded_Taekwondo_Data\P01_20260223_112737\previews\preview_sync_option_4.mp4
2026-08-14 19:25:19,203	INFO	Creating preview 5 with offset 21.2141s -> C:\Users\BarlabPRIME\Desktop\FlowAnalytics\Iris_Recorded_Taekwondo_Data\P01_20260223_112737\previews\preview_sync_option_5.mp4
2026-08-14 19:25:19,557	INFO	Opening previews folder for preview videos...
2026-08-14 19:25:42,687	INFO	Recorded selection (deferred render) to C:\Users\BarlabPRIME\Desktop\FlowAnalytics\Iris_Recorded_Taekwondo_Data\P01_20260223_112737\sync_results.txt
2026-08-14 19:25:42,687	INFO	Cleaning up temporary audio files...
2026-08-14 19:25:42,693	INFO	Done with session (previews retained in 'previews/' folder).
2026-08-14 19:25:42,693	INFO	Processing session: C:\Users\BarlabPRIME\Desktop\FlowAnalytics\Iris_Recorded_Taekwondo_Data\P02B_20260223_134013
2026-08-14 19:25:42,693	INFO	Extracting audio from videos...
2026-08-14 19:25:42,995	INFO	Computing candidate offsets...
2026-08-14 19:25:44,384	INFO	Creating preview 1 with offset -4.9193s -> C:\Users\BarlabPRIME\Desktop\FlowAnalytics\Iris_Recorded_Taekwondo_Data\P02B_20260223_134013\previews\preview_sync_option_1.mp4
2026-08-14 19:25:44,748	INFO	Creating preview 2 with offset 12.8517s -> C:\Users\BarlabPRIME\Desktop\FlowAnalytics\Iris_Recorded_Taekwondo_Data\P02B_20260223_134013\previews\preview_sync_option_2.mp4
2026-08-14 19:25:45,107	INFO	Creating preview 3 with offset -15.1702s -> C:\Users\BarlabPRIME\Desktop\FlowAnalytics\Iris_Recorded_Taekwondo_Data\P02B_20260223_134013\previews\preview_sync_option_3.mp4
2026-08-14 19:25:45,470	INFO	Creating preview 4 with offset -25.1811s -> C:\Users\BarlabPRIME\Desktop\FlowAnalytics\Iris_Recorded_Taekwondo_Data\P02B_20260223_134013\previews\preview_sync_option_4.mp4
2026-08-14 19:25:45,831	INFO	Creating preview 5 with offset -47.2137s -> C:\Users\BarlabPRIME\Desktop\FlowAnalytics\Iris_Recorded_Taekwondo_Data\P02B_20260223_134013\previews\preview_sync_option_5.mp4
2026-08-14 19:25:46,213	INFO	Opening previews folder for preview videos...
2026-08-14 19:26:17,633	INFO	Marked session as skipped (no selection recorded).
2026-08-14 19:26:17,633	INFO	Cleaning up temporary audio files...
2026-08-14 19:26:17,638	INFO	Done with session (previews retained in 'previews/' folder).
2026-08-14 19:26:17,638	INFO	Processing session: C:\Users\BarlabPRIME\Desktop\FlowAnalytics\Iris_Recorded_Taekwondo_Data\P02_20260223_131246
2026-08-14 19:26:17,639	INFO	Extracting audio from videos...
2026-08-14 19:26:33,082	INFO	Computing candidate offsets...
2026-08-14 19:26:34,780	INFO	Creating preview 1 with offset -4.4640s -> C:\Users\BarlabPRIME\Desktop\FlowAnalytics\Iris_Recorded_Taekwondo_Data\P02_20260223_131246\previews\preview_sync_option_1.mp4
2026-08-14 19:26:35,153	INFO	Creating preview 2 with offset -44.8935s -> C:\Users\BarlabPRIME\Desktop\FlowAnalytics\Iris_Recorded_Taekwondo_Data\P02_20260223_131246\previews\preview_sync_option_2.mp4
2026-08-14 19:26:35,520	INFO	Creating preview 3 with offset 20.3043s -> C:\Users\BarlabPRIME\Desktop\FlowAnalytics\Iris_Recorded_Taekwondo_Data\P02_20260223_131246\previews\preview_sync_option_3.mp4
2026-08-14 19:26:35,894	INFO	Creating preview 4 with offset -15.5836s -> C:\Users\BarlabPRIME\Desktop\FlowAnalytics\Iris_Recorded_Taekwondo_Data\P02_20260223_131246\previews\preview_sync_option_4.mp4
2026-08-14 19:26:36,258	INFO	Creating preview 5 with offset -34.7384s -> C:\Users\BarlabPRIME\Desktop\FlowAnalytics\Iris_Recorded_Taekwondo_Data\P02_20260223_131246\previews\preview_sync_option_5.mp4
2026-08-14 19:26:36,622	INFO	Opening previews folder for preview videos...
2026-08-14 19:27:34,084	INFO	Marked session as skipped (no selection recorded).
2026-08-14 19:27:34,085	INFO	Cleaning up temporary audio files...
2026-08-14 19:27:34,089	INFO	Done with session (previews retained in 'previews/' folder).
2026-08-14 19:27:34,090	INFO	Processing session: C:\Users\BarlabPRIME\Desktop\FlowAnalytics\Iris_Recorded_Taekwondo_Data\P03_20260224_102642
2026-08-14 19:27:34,090	INFO	Extracting audio from videos...
2026-08-14 19:27:56,941	INFO	Computing candidate offsets...
2026-08-14 19:27:59,787	INFO	Creating preview 1 with offset -20.0973s -> C:\Users\BarlabPRIME\Desktop\FlowAnalytics\Iris_Recorded_Taekwondo_Data\P03_20260224_102642\previews\preview_sync_option_1.mp4
2026-08-14 19:28:00,168	INFO	Creating preview 2 with offset -3.9828s -> C:\Users\BarlabPRIME\Desktop\FlowAnalytics\Iris_Recorded_Taekwondo_Data\P03_20260224_102642\previews\preview_sync_option_2.mp4
2026-08-14 19:28:00,531	INFO	Creating preview 3 with offset -36.1683s -> C:\Users\BarlabPRIME\Desktop\FlowAnalytics\Iris_Recorded_Taekwondo_Data\P03_20260224_102642\previews\preview_sync_option_3.mp4
2026-08-14 19:28:00,901	INFO	Creating preview 4 with offset 8.3054s -> C:\Users\BarlabPRIME\Desktop\FlowAnalytics\Iris_Recorded_Taekwondo_Data\P03_20260224_102642\previews\preview_sync_option_4.mp4
2026-08-14 19:28:01,277	INFO	Creating preview 5 with offset -46.6811s -> C:\Users\BarlabPRIME\Desktop\FlowAnalytics\Iris_Recorded_Taekwondo_Data\P03_20260224_102642\previews\preview_sync_option_5.mp4
2026-08-14 19:28:01,644	INFO	Opening previews folder for preview videos...
2026-08-14 19:34:54,991	INFO	Cleaning up temporary audio files...
2026-08-14 19:34:55,003	INFO	Done with session (previews retained in 'previews/' folder).
